2026-09-28 22:14:59 | SYSTEM     | 🚀 система логирования запущена
2026-09-28 22:15:22 | SYSTEM     | 🚀 система логирования запущена
2026-09-28 22:15:23 | SYSTEM     | бот запущен и готов к работе
2026-09-28 22:15:23 | SYSTEM     | Планировщик поднятий запущен
2026-09-28 22:15:24 | SYSTEM     | объявление #1303 обновлено: ['next_boost_at']
2026-09-28 22:15:24 | SYSTEM     | Получено событие от пользователя 1060834219: Текст сообщения - '/start', Данные callback - 'None'
2026-09-28 22:15:24 | SYSTEM     | Получено событие от пользователя 1060834219: Текст сообщения - '/start', Данные callback - 'None'
2026-09-28 22:15:24 | SYSTEM     | Получено событие от пользователя 1060834219: Текст сообщения - '/start', Данные callback - 'None'
2026-09-28 22:15:24 | SYSTEM     | start_command called by user 1060834219
2026-09-28 22:15:24 | SYSTEM     | start_command called by user 1060834219
2026-09-28 22:15:24 | SYSTEM     | start_command called by user 1060834219
2026-09-28 22:15:24 | user:1060834219 | @pbadev (ID: 1060834219) запустил бота
2026-09-28 22:15:24 | user:1060834219 | @pbadev (ID: 1060834219) запустил бота
2026-09-28 22:15:24 | user:1060834219 | @pbadev (ID: 1060834219) запустил бота
2026-09-28 22:15:24 | SYSTEM     | Не удалось отправить напоминание для #1303: Telegram server says - Bad Request: chat not found
2026-09-28 22:15:24 | SYSTEM     | объявление #1329 обновлено: ['next_boost_at']
2026-09-28 22:15:24 | SYSTEM     | Не удалось отправить напоминание для #1329: Telegram server says - Bad Request: chat not found
2026-09-28 22:15:24 | SYSTEM     | объявление #1111 обновлено: ['next_boost_at']
2026-09-28 22:15:24 | SYSTEM     | Не удалось отправить напоминание для #1111: Telegram server says - Bad Request: chat not found
2026-09-28 22:15:24 | SYSTEM     | объявление #1328 обновлено: ['next_boost_at']
2026-09-28 22:15:24 | SYSTEM     | Не удалось отправить напоминание для #1328: Telegram server says - Bad Request: chat not found
2026-09-28 22:15:24 | SYSTEM     | объявление #1336 обновлено: ['next_boost_at']
2026-09-28 22:15:24 | SYSTEM     | Не удалось удалить сообщение /start: Telegram server says - Bad Request: message to delete not found
2026-09-28 22:15:25 | SYSTEM     | Не удалось отправить напоминание для #1336: Telegram server says - Bad Request: chat not found
2026-09-28 22:15:25 | SYSTEM     | объявление #1368 обновлено: ['next_boost_at']
2026-09-28 22:15:25 | SYSTEM     | Не удалось отправить напоминание для #1368: Telegram server says - Bad Request: chat not found
2026-09-28 22:15:25 | SYSTEM     | объявление #1377 обновлено: ['next_boost_at']
2026-09-28 22:15:25 | SYSTEM     | Не удалось отправить напоминание для #1377: Telegram server says - Bad Request: chat not found
2026-09-28 22:15:25 | SYSTEM     | объявление #1380 обновлено: ['next_boost_at']
2026-09-28 22:15:25 | SYSTEM     | Не удалось отправить напоминание для #1380: Telegram server says - Bad Request: chat not found
2026-09-28 22:15:25 | SYSTEM     | объявление #1378 обновлено: ['next_boost_at']
2026-09-28 22:15:25 | SYSTEM     | Не удалось отправить напоминание для #1378: HTTP Client says - ServerDisconnectedError: Server disconnected
2026-09-28 22:15:25 | SYSTEM     | объявление #1350 обновлено: ['next_boost_at']
2026-09-28 22:15:26 | SYSTEM     | Завершение работы бота, закрытие сессий...
2026-09-28 22:15:26 | SYSTEM     | Сессия бота успешно закрыта.
